Archive member included to satisfy reference by file (symbol)

/Applications/STM32CubeIDE.app/Contents/Eclipse/plugins/com.st.stm32cube.ide.mcu.externaltools.gnu-tools-for-stm32.13.3.rel1.macos64_1.0.0.202411102158/tools/bin/../lib/gcc/arm-none-eabi/13.3.1/../../../../arm-none-eabi/lib/thumb/v7e-m+dp/hard/libc_nano.a(libc_a-exit.o)
                              /Applications/STM32CubeIDE.app/Contents/Eclipse/plugins/com.st.stm32cube.ide.mcu.externaltools.gnu-tools-for-stm32.13.3.rel1.macos64_1.0.0.202411102158/tools/bin/../lib/gcc/arm-none-eabi/13.3.1/../../../../arm-none-eabi/lib/thumb/v7e-m+dp/hard/crt0.o (exit)
/Applications/STM32CubeIDE.app/Contents/Eclipse/plugins/com.st.stm32cube.ide.mcu.externaltools.gnu-tools-for-stm32.13.3.rel1.macos64_1.0.0.202411102158/tools/bin/../lib/gcc/arm-none-eabi/13.3.1/../../../../arm-none-eabi/lib/thumb/v7e-m+dp/hard/libc_nano.a(libc_a-findfp.o)
                              /Applications/STM32CubeIDE.app/Contents/Eclipse/plugins/com.st.stm32cube.ide.mcu.externaltools.gnu-tools-for-stm32.13.3.rel1.macos64_1.0.0.202411102158/tools/bin/../lib/gcc/arm-none-eabi/13.3.1/../../../../arm-none-eabi/lib/thumb/v7e-m+dp/hard/libc_nano.a(libc_a-exit.o) (__stdio_exit_handler)
/Applications/STM32CubeIDE.app/Contents/Eclipse/plugins/com.st.stm32cube.ide.mcu.externaltools.gnu-tools-for-stm32.13.3.rel1.macos64_1.0.0.202411102158/tools/bin/../lib/gcc/arm-none-eabi/13.3.1/../../../../arm-none-eabi/lib/thumb/v7e-m+dp/hard/libc_nano.a(libc_a-fwalk.o)
                              /Applications/STM32CubeIDE.app/Contents/Eclipse/plugins/com.st.stm32cube.ide.mcu.externaltools.gnu-tools-for-stm32.13.3.rel1.macos64_1.0.0.202411102158/tools/bin/../lib/gcc/arm-none-eabi/13.3.1/../../../../arm-none-eabi/lib/thumb/v7e-m+dp/hard/libc_nano.a(libc_a-findfp.o) (_fwalk_sglue)
/Applications/STM32CubeIDE.app/Contents/Eclipse/plugins/com.st.stm32cube.ide.mcu.externaltools.gnu-tools-for-stm32.13.3.rel1.macos64_1.0.0.202411102158/tools/bin/../lib/gcc/arm-none-eabi/13.3.1/../../../../arm-none-eabi/lib/thumb/v7e-m+dp/hard/libc_nano.a(libc_a-memset.o)
                              /Applications/STM32CubeIDE.app/Contents/Eclipse/plugins/com.st.stm32cube.ide.mcu.externaltools.gnu-tools-for-stm32.13.3.rel1.macos64_1.0.0.202411102158/tools/bin/../lib/gcc/arm-none-eabi/13.3.1/../../../../arm-none-eabi/lib/thumb/v7e-m+dp/hard/crt0.o (memset)
/Applications/STM32CubeIDE.app/Contents/Eclipse/plugins/com.st.stm32cube.ide.mcu.externaltools.gnu-tools-for-stm32.13.3.rel1.macos64_1.0.0.202411102158/tools/bin/../lib/gcc/arm-none-eabi/13.3.1/../../../../arm-none-eabi/lib/thumb/v7e-m+dp/hard/libc_nano.a(libc_a-errno.o)
                              ./Core/Src/syscalls.o (__errno)
/Applications/STM32CubeIDE.app/Contents/Eclipse/plugins/com.st.stm32cube.ide.mcu.externaltools.gnu-tools-for-stm32.13.3.rel1.macos64_1.0.0.202411102158/tools/bin/../lib/gcc/arm-none-eabi/13.3.1/../../../../arm-none-eabi/lib/thumb/v7e-m+dp/hard/libc_nano.a(libc_a-init.o)
                              /Applications/STM32CubeIDE.app/Contents/Eclipse/plugins/com.st.stm32cube.ide.mcu.externaltools.gnu-tools-for-stm32.13.3.rel1.macos64_1.0.0.202411102158/tools/bin/../lib/gcc/arm-none-eabi/13.3.1/../../../../arm-none-eabi/lib/thumb/v7e-m+dp/hard/crt0.o (__libc_init_array)
/Applications/STM32CubeIDE.app/Contents/Eclipse/plugins/com.st.stm32cube.ide.mcu.externaltools.gnu-tools-for-stm32.13.3.rel1.macos64_1.0.0.202411102158/tools/bin/../lib/gcc/arm-none-eabi/13.3.1/../../../../arm-none-eabi/lib/thumb/v7e-m+dp/hard/libc_nano.a(libc_a-lock.o)
                              /Applications/STM32CubeIDE.app/Contents/Eclipse/plugins/com.st.stm32cube.ide.mcu.externaltools.gnu-tools-for-stm32.13.3.rel1.macos64_1.0.0.202411102158/tools/bin/../lib/gcc/arm-none-eabi/13.3.1/../../../../arm-none-eabi/lib/thumb/v7e-m+dp/hard/libc_nano.a(libc_a-findfp.o) (__retarget_lock_init_recursive)
/Applications/STM32CubeIDE.app/Contents/Eclipse/plugins/com.st.stm32cube.ide.mcu.externaltools.gnu-tools-for-stm32.13.3.rel1.macos64_1.0.0.202411102158/tools/bin/../lib/gcc/arm-none-eabi/13.3.1/../../../../arm-none-eabi/lib/thumb/v7e-m+dp/hard/libc_nano.a(libc_a-impure.o)
                              /Applications/STM32CubeIDE.app/Contents/Eclipse/plugins/com.st.stm32cube.ide.mcu.externaltools.gnu-tools-for-stm32.13.3.rel1.macos64_1.0.0.202411102158/tools/bin/../lib/gcc/arm-none-eabi/13.3.1/../../../../arm-none-eabi/lib/thumb/v7e-m+dp/hard/libc_nano.a(libc_a-errno.o) (_impure_ptr)
/Applications/STM32CubeIDE.app/Contents/Eclipse/plugins/com.st.stm32cube.ide.mcu.externaltools.gnu-tools-for-stm32.13.3.rel1.macos64_1.0.0.202411102158/tools/bin/../lib/gcc/arm-none-eabi/13.3.1/../../../../arm-none-eabi/lib/thumb/v7e-m+dp/hard/libc_nano.a(libc_a-mallocr.o)
[...]
Memory Configuration

Name             Origin             Length             Attributes
RAM_D1           0x24000000         0x00080000         xrw
FLASH            0x08000000         0x00100000         xr
DTCMRAM          0x20000000         0x00020000         xrw
RAM_D2           0x30000000         0x00048000         xrw
RAM_D3           0x38000000         0x00010000         xrw
ITCMRAM          0x00000000         0x00010000         xrw
*default*        0x00000000         0xffffffff

Linker script and memory map

LOAD /Applications/STM32CubeIDE.app/Contents/Eclipse/plugins/com.st.stm32cube.ide.mcu.externaltools.gnu-tools-for-stm32.13.3.rel1.macos64_1.0.0.202411102158/tools/bin/../lib/gcc/arm-none-eabi/13.3.1/thumb/v7e-m+dp/hard/crti.o
LOAD /Applications/STM32CubeIDE.app/Contents/Eclipse/plugins/com.st.stm32cube.ide.mcu.externaltools.gnu-tools-for-stm32.13.3.rel1.macos64_1.0.0.202411102158/tools/bin/../lib/gcc/arm-none-eabi/13.3.1/thumb/v7e-m+dp/hard/crtbegin.o
LOAD /Applications/STM32CubeIDE.app/Contents/Eclipse/plugins/com.st.stm32cube.ide.mcu.externaltools.gnu-tools-for-stm32.13.3.rel1.macos64_1.0.0.202411102158/tools/bin/../lib/gcc/arm-none-eabi/13.3.1/../../../../arm-none-eabi/lib/thumb/v7e-m+dp/hard/crt0.o
LOAD ./Common/Src/system_stm32h7xx_dualcore_boot_cm4_cm7.o
LOAD ./Core/Src/gpio.o
LOAD ./Core/Src/main.o
LOAD ./Core/Src/motor_driver.o
LOAD ./Core/Src/stm32h7xx_hal_msp.o
LOAD ./Core/Src/stm32h7xx_it.o
LOAD ./Core/Src/syscalls.o
LOAD ./Core/Src/sysmem.o
LOAD ./Core/Src/tim.o
LOAD ./Core/Startup/startup_stm32h755zitx.o
LOAD ./Drivers/BSP/STM32H7xx_Nucleo/stm32h7xx_nucleo.o
LOAD ./Drivers/STM32H7xx_HAL_Driver/stm32h7xx_hal.o
LOAD ./Drivers/STM32H7xx_HAL_Driver/stm32h7xx_hal_cortex.o
LOAD ./Drivers/STM32H7xx_HAL_Driver/stm32h7xx_hal_dma.o
LOAD ./Drivers/STM32H7xx_HAL_Driver/stm32h7xx_hal_dma_ex.o
LOAD ./Drivers/STM32H7xx_HAL_Driver/stm32h7xx_hal_exti.o
LOAD ./Drivers/STM32H7xx_HAL_Driver/stm32h7xx_hal_flash.o
LOAD ./Drivers/STM32H7xx_HAL_Driver/stm32h7xx_hal_flash_ex.o
LOAD ./Drivers/STM32H7xx_HAL_Driver/stm32h7xx_hal_gpio.o
LOAD ./Drivers/STM32H7xx_HAL_Driver/stm32h7xx_hal_hsem.o
LOAD ./Drivers/STM32H7xx_HAL_Driver/stm32h7xx_hal_i2c.o
LOAD ./Drivers/STM32H7xx_HAL_Driver/stm32h7xx_hal_i2c_ex.o
LOAD ./Drivers/STM32H7xx_HAL_Driver/stm32h7xx_hal_mdma.o
LOAD ./Drivers/STM32H7xx_HAL_Driver/stm32h7xx_hal_pwr.o
LOAD ./Drivers/STM32H7xx_HAL_Driver/stm32h7xx_hal_pwr_ex.o
LOAD ./Drivers/STM32H7xx_HAL_Driver/stm32h7xx_hal_rcc.o
LOAD ./Drivers/STM32H7xx_HAL_Driver/stm32h7xx_hal_rcc_ex.o
LOAD ./Drivers/STM32H7xx_HAL_Driver/stm32h7xx_hal_tim.o
LOAD ./Drivers/STM32H7xx_HAL_Driver/stm32h7xx_hal_tim_ex.o
LOAD ./Drivers/STM32H7xx_HAL_Driver/stm32h7xx_hal_uart.o
LOAD ./Drivers/STM32H7xx_HAL_Driver/stm32h7xx_hal_uart_ex.o
LOAD ./Drivers/STM32H7xx_HAL_Driver/stm32h7xx_hal_usart.o
LOAD ./Drivers/STM32H7xx_HAL_Driver/stm32h7xx_hal_usart_ex.o
START GROUP
LOAD /Applications/STM32CubeIDE.app/Contents/Eclipse/plugins/com.st.stm32cube.ide.mcu.externaltools.gnu-tools-for-stm32.13.3.rel1.macos64_1.0.0.202411102158/tools/bin/../lib/gcc/arm-none-eabi/13.3.1/../../../../arm-none-eabi/lib/thumb/v7e-m+dp/hard/libc_nano.a
LOAD /Applications/STM32CubeIDE.app/Contents/Eclipse/plugins/com.st.stm32cube.ide.mcu.externaltools.gnu-tools-for-stm32.13.3.rel1.macos64_1.0.0.202411102158/tools/bin/../lib/gcc/arm-none-eabi/13.3.1/../../../../arm-none-eabi/lib/thumb/v7e-m+dp/hard/libm.a
END GROUP
START GROUP
LOAD /Applications/STM32CubeIDE.app/Contents/Eclipse/plugins/com.st.stm32cube.ide.mcu.externaltools.gnu-tools-for-stm32.13.3.rel1.macos64_1.0.0.202411102158/tools/bin/../lib/gcc/arm-none-eabi/13.3.1/thumb/v7e-m+dp/hard/libgcc.a
LOAD /Applications/STM32CubeIDE.app/Contents/Eclipse/plugins/com.st.stm32cube.ide.mcu.externaltools.gnu-tools-for-stm32.13.3.rel1.macos64_1.0.0.202411102158/tools/bin/../lib/gcc/arm-none-eabi/13.3.1/../../../../arm-none-eabi/lib/thumb/v7e-m+dp/hard/libc_nano.a
END GROUP
START GROUP
LOAD /Applications/STM32CubeIDE.app/Contents/Eclipse/plugins/com.st.stm32cube.ide.mcu.externaltools.gnu-tools-for-stm32.13.3.rel1.macos64_1.0.0.202411102158/tools/bin/../lib/gcc/arm-none-eabi/13.3.1/thumb/v7e-m+dp/hard/libgcc.a
LOAD /Applications/STM32CubeIDE.app/Contents/Eclipse/plugins/com.st.stm32cube.ide.mcu.externaltools.gnu-tools-for-stm32.13.3.rel1.macos64_1.0.0.202411102158/tools/bin/../lib/gcc/arm-none-eabi/13.3.1/../../../../arm-none-eabi/lib/thumb/v7e-m+dp/hard/libc_nano.a
LOAD /Applications/STM32CubeIDE.app/Contents/Eclipse/plugins/com.st.stm32cube.ide.mcu.externaltools.gnu-tools-for-stm32.13.3.rel1.macos64_1.0.0.202411102158/tools/bin/../lib/gcc/arm-none-eabi/13.3.1/../../../../arm-none-eabi/lib/thumb/v7e-m+dp/hard/libnosys.a
END GROUP
START GROUP
LOAD /Applications/STM32CubeIDE.app/Contents/Eclipse/plugins/com.st.stm32cube.ide.mcu.externaltools.gnu-tools-for-stm32.13.3.rel1.macos64_1.0.0.202411102158/tools/bin/../lib/gcc/arm-none-eabi/13.3.1/thumb/v7e-m+dp/hard/libgcc.a
LOAD /Applications/STM32CubeIDE.app/Contents/Eclipse/plugins/com.st.stm32cube.ide.mcu.externaltools.gnu-tools-for-stm32.13.3.rel1.macos64_1.0.0.202411102158/tools/bin/../lib/gcc/arm-none-eabi/13.3.1/../../../../arm-none-eabi/lib/thumb/v7e-m+dp/hard/libc_nano.a
LOAD /Applications/STM32CubeIDE.app/Contents/Eclipse/plugins/com.st.stm32cube.ide.mcu.externaltools.gnu-tools-for-stm32.13.3.rel1.macos64_1.0.0.202411102158/tools/bin/../lib/gcc/arm-none-eabi/13.3.1/../../../../arm-none-eabi/lib/thumb/v7e-m+dp/hard/libnosys.a
END GROUP
LOAD /Applications/STM32CubeIDE.app/Contents/Eclipse/plugins/com.st.stm32cube.ide.mcu.externaltools.gnu-tools-for-stm32.13.3.rel1.macos64_1.0.0.202411102158/tools/bin/../lib/gcc/arm-none-eabi/13.3.1/thumb/v7e-m+dp/hard/crtend.o
LOAD /Applications/STM32CubeIDE.app/Contents/Eclipse/plugins/com.st.stm32cube.ide.mcu.externaltools.gnu-tools-for-stm32.13.3.rel1.macos64_1.0.0.202411102158/tools/bin/../lib/gcc/arm-none-eabi/13.3.1/thumb/v7e-m+dp/hard/crtn.o
                0x24080000                        _estack = (ORIGIN (RAM_D1) + LENGTH (RAM_D1))
                0x00000200                        _Min_Heap_Size = 0x200
                0x00000400                        _Min_Stack_Size = 0x400

.isr_vector     0x08000000      0x298
                0x08000000                        . = ALIGN (0x4)
 *(.isr_vector)
 .isr_vector    0x08000000      0x298 ./Core/Startup/startup_stm32h755zitx.o
                0x08000000                g_pfnVectors
                0x08000298                        . = ALIGN (0x4)

.text           0x08000298     0x7a0c
                0x08000298                        . = ALIGN (0x4)
 *(.text)
 .text          0x08000298       0x40 /Applications/STM32CubeIDE.app/Contents/Eclipse/plugins/com.st.stm32cube.ide.mcu.externaltools.gnu-tools-for-stm32.13.3.rel1.macos64_1.0.0.202411102158/tools/bin/../lib/gcc/arm-none-eabi/13.3.1/thumb/v7e-m+dp/hard/crtbegin.o
 .text          0x080002d8       0x30 /Applications/STM32CubeIDE.app/Contents/Eclipse/plugins/com.st.stm32cube.ide.mcu.externaltools.gnu-tools-for-stm32.13.3.rel1.macos64_1.0.0.202411102158/tools/bin/../lib/gcc/arm-none-eabi/13.3.1/thumb/v7e-m+dp/hard/libgcc.a(_aeabi_uldivmod.o)
                0x080002d8                __aeabi_uldivmod
 .text          0x08000308      0x2f8 /Applications/STM32CubeIDE.app/Contents/Eclipse/plugins/com.st.stm32cube.ide.mcu.externaltools.gnu-tools-for-stm32.13.3.rel1.macos64_1.0.0.202411102158/tools/bin/../lib/gcc/arm-none-eabi/13.3.1/thumb/v7e-m+dp/hard/libgcc.a(_udivmoddi4.o)
                0x08000308                __udivmoddi4
 .text          0x08000600        0x4 /Applications/STM32CubeIDE.app/Contents/Eclipse/plugins/com.st.stm32cube.ide.mcu.externaltools.gnu-tools-for-stm32.13.3.rel1.macos64_1.0.0.202411102158/tools/bin/../lib/gcc/arm-none-eabi/13.3.1/thumb/v7e-m+dp/hard/libgcc.a(_dvmd_tls.o)
                0x08000600                __aeabi_ldiv0
                0x08000600                __aeabi_idiv0
 *(.text*)
 .text.SystemInit
                0x08000604      0x15c ./Common/Src/system_stm32h7xx_dualcore_boot_cm4_cm7.o
                0x08000604                SystemInit
 .text.ExitRun0Mode
                0x08000760       0x30 ./Common/Src/system_stm32h7xx_dualcore_boot_cm4_cm7.o
                0x08000760                ExitRun0Mode
 .text.MX_GPIO_Init
                0x08000790      0x1f0 ./Core/Src/gpio.o
                0x08000790                MX_GPIO_Init
 .text.main     0x08000980      0x194 ./Core/Src/main.o
                0x08000980                main
 .text.SystemClock_Config
                0x08000b14       0xd4 ./Core/Src/main.o
                0x08000b14                SystemClock_Config
 .text.Error_Handler
                0x08000be8        0xc ./Core/Src/main.o
                0x08000be8                Error_Handler
 .text.assert_failed
                0x08000bf4       0x16 ./Core/Src/main.o
                0x08000bf4                assert_failed
 *fill*         0x08000c0a        0x2 
 .text.MD_GetCCR
                0x08000c0c       0x7c ./Core/Src/motor_driver.o
 .text.MD_WriteDuty
                0x08000c88       0x46 ./Core/Src/motor_driver.o
 .text.MotorDriver_Init
                0x08000cce       0x82 ./Core/Src/motor_driver.o
                0x08000cce                MotorDriver_Init
 .text.MotorDriver_CW
                0x08000d50       0x3a ./Core/Src/motor_driver.o
                0x08000d50                MotorDriver_CW
 *fill*         0x08000d8a        0x2 
 .text.HAL_MspInit
                0x08000d8c       0x34 ./Core/Src/stm32h7xx_hal_msp.o
                0x08000d8c                HAL_MspInit
 .text.NMI_Handler
                0x08000dc0        0x8 ./Core/Src/stm32h7xx_it.o
                0x08000dc0                NMI_Handler
 .text.HardFault_Handler
                0x08000dc8        0x8 ./Core/Src/stm32h7xx_it.o
                0x08000dc8                HardFault_Handler
 .text.MemManage_Handler
                0x08000dd0        0x8 ./Core/Src/stm32h7xx_it.o
                0x08000dd0                MemManage_Handler
 .text.BusFault_Handler
                0x08000dd8        0x8 ./Core/Src/stm32h7xx_it.o
                0x08000dd8                BusFault_Handler
 .text.UsageFault_Handler
                0x08000de0        0x8 ./Core/Src/stm32h7xx_it.o
                0x08000de0                UsageFault_Handler
 .text.SVC_Handler
                0x08000de8        0xe ./Core/Src/stm32h7xx_it.o
                0x08000de8                SVC_Handler
 .text.DebugMon_Handler
                0x08000df6        0xe ./Core/Src/stm32h7xx_it.o
                0x08000df6                DebugMon_Handler
 .text.PendSV_Handler
                0x08000e04        0xe ./Core/Src/stm32h7xx_it.o
                0x08000e04                PendSV_Handler
 .text.SysTick_Handler
                0x08000e12        0xc ./Core/Src/stm32h7xx_it.o
                0x08000e12                SysTick_Handler
 .text.EXTI15_10_IRQHandler
                0x08000e1e        0xe ./Core/Src/stm32h7xx_it.o
                0x08000e1e                EXTI15_10_IRQHandler
 .text.MX_TIM1_Init
                0x08000e2c      0x1a0 ./Core/Src/tim.o
                0x08000e2c                MX_TIM1_Init
 .text.MX_TIM2_Init
                0x08000fcc       0xa8 ./Core/Src/tim.o
                0x08000fcc                MX_TIM2_Init
 .text.MX_TIM3_Init
                0x08001074       0xac ./Core/Src/tim.o
                0x08001074                MX_TIM3_Init
 .text.MX_TIM4_Init
                0x08001120       0xac ./Core/Src/tim.o
                0x08001120                MX_TIM4_Init
 .text.MX_TIM8_Init
                0x080011cc       0xb4 ./Core/Src/tim.o
                0x080011cc                MX_TIM8_Init
 .text.HAL_TIM_Base_MspInit
                0x08001280       0x44 ./Core/Src/tim.o
                0x08001280                HAL_TIM_Base_MspInit
 .text.HAL_TIM_Encoder_MspInit
                0x080012c4      0x21c ./Core/Src/tim.o
                0x080012c4                HAL_TIM_Encoder_MspInit
 .text.HAL_TIM_MspPostInit
                0x080014e0       0x78 ./Core/Src/tim.o
                0x080014e0                HAL_TIM_MspPostInit
 .text.Reset_Handler
                0x08001558       0x54 ./Core/Startup/startup_stm32h755zitx.o
                0x08001558                Reset_Handler
 .text.Default_Handler
                0x080015ac        0x2 ./Core/Startup/startup_stm32h755zitx.o
                0x080015ac                DMA1_Stream3_IRQHandler
                0x080015ac                HASH_RNG_IRQHandler
                0x080015ac                EXTI2_IRQHandler
                0x080015ac                TIM8_CC_IRQHandler
                0x080015ac                HRTIM1_Master_IRQHandler
                0x080015ac                UART8_IRQHandler
                0x080015ac                SPI4_IRQHandler
                0x080015ac                TIM1_CC_IRQHandler
                0x080015ac                BDMA_Channel6_IRQHandler
                0x080015ac                DMA2_Stream5_IRQHandler
                0x080015ac                HRTIM1_FLT_IRQHandler
                0x080015ac                JPEG_IRQHandler
                0x080015ac                DMA1_Stream5_IRQHandler
                0x080015ac                BDMA_Channel1_IRQHandler
                0x080015ac                HRTIM1_TIMD_IRQHandler
                0x080015ac                TAMP_STAMP_IRQHandler
                0x080015ac                EXTI3_IRQHandler
                0x080015ac                LPTIM4_IRQHandler
                0x080015ac                TIM8_TRG_COM_TIM14_IRQHandler
                0x080015ac                LPTIM2_IRQHandler
                0x080015ac                DFSDM1_FLT1_IRQHandler
                0x080015ac                DMAMUX2_OVR_IRQHandler
                0x080015ac                TIM8_UP_TIM13_IRQHandler
                0x080015ac                I2C3_ER_IRQHandler
                0x080015ac                DFSDM1_FLT2_IRQHandler
                0x080015ac                MDMA_IRQHandler
                0x080015ac                LPTIM3_IRQHandler
                0x080015ac                HSEM1_IRQHandler
                0x080015ac                EXTI0_IRQHandler
                0x080015ac                I2C2_EV_IRQHandler
                0x080015ac                DMA1_Stream2_IRQHandler
                0x080015ac                FPU_IRQHandler
                0x080015ac                OTG_HS_WKUP_IRQHandler
                0x080015ac                FDCAN1_IT1_IRQHandler
                0x080015ac                LTDC_ER_IRQHandler
                0x080015ac                DMA2_Stream2_IRQHandler
                0x080015ac                HRTIM1_TIME_IRQHandler
                0x080015ac                SPI1_IRQHandler
                0x080015ac                TIM6_DAC_IRQHandler
                0x080015ac                DCMI_IRQHandler
                0x080015ac                HRTIM1_TIMC_IRQHandler
                0x080015ac                DMA2_Stream3_IRQHandler
                0x080015ac                SAI2_IRQHandler
                0x080015ac                DFSDM1_FLT3_IRQHandler
                0x080015ac                USART6_IRQHandler
                0x080015ac                TIM17_IRQHandler
                0x080015ac                USART3_IRQHandler
                0x080015ac                BDMA_Channel7_IRQHandler
                0x080015ac                CRYP_IRQHandler
                0x080015ac                LPTIM5_IRQHandler
                0x080015ac                UART5_IRQHandler
                0x080015ac                ADC3_IRQHandler
                0x080015ac                DMA2_Stream0_IRQHandler
                0x080015ac                TIM4_IRQHandler
                0x080015ac                BDMA_Channel2_IRQHandler
                0x080015ac                QUADSPI_IRQHandler
                0x080015ac                I2C1_EV_IRQHandler
                0x080015ac                DMA1_Stream6_IRQHandler
                0x080015ac                DMAMUX1_OVR_IRQHandler
                0x080015ac                DMA1_Stream1_IRQHandler
                0x080015ac                TIM16_IRQHandler
                0x080015ac                UART4_IRQHandler
                0x080015ac                BDMA_Channel5_IRQHandler
                0x080015ac                TIM3_IRQHandler
                0x080015ac                RCC_IRQHandler
                0x080015ac                TIM8_BRK_TIM12_IRQHandler
                0x080015ac                TIM1_TRG_COM_IRQHandler
                0x080015ac                Default_Handler
                0x080015ac                ECC_IRQHandler
                0x080015ac                CEC_IRQHandler
                0x080015ac                BDMA_Channel0_IRQHandler
                0x080015ac                ADC_IRQHandler
                0x080015ac                DMA1_Stream7_IRQHandler
                0x080015ac                HRTIM1_TIMA_IRQHandler
                0x080015ac                SPI5_IRQHandler
                0x080015ac                TIM7_IRQHandler
                0x080015ac                SDMMC1_IRQHandler
                0x080015ac                TIM5_IRQHandler
                0x080015ac                DMA2_Stream7_IRQHandler
                0x080015ac                TIM15_IRQHandler
                0x080015ac                PVD_AVD_IRQHandler
                0x080015ac                I2C3_EV_IRQHandler
                0x080015ac                EXTI9_5_IRQHandler
                0x080015ac                RTC_WKUP_IRQHandler
                0x080015ac                LTDC_IRQHandler
                0x080015ac                SAI3_IRQHandler
                0x080015ac                ETH_WKUP_IRQHandler
                0x080015ac                SPDIF_RX_IRQHandler
                0x080015ac                SPI2_IRQHandler
                0x080015ac                OTG_HS_EP1_IN_IRQHandler
                0x080015ac                DMA1_Stream0_IRQHandler
                0x080015ac                CRS_IRQHandler
                0x080015ac                CM7_SEV_IRQHandler
                0x080015ac                EXTI4_IRQHandler
                0x080015ac                CM4_SEV_IRQHandler
                0x080015ac                HRTIM1_TIMB_IRQHandler
                0x080015ac                FDCAN2_IT1_IRQHandler
                0x080015ac                ETH_IRQHandler
                0x080015ac                TIM1_UP_IRQHandler
                0x080015ac                WWDG_RST_IRQHandler
                0x080015ac                BDMA_Channel4_IRQHandler
                0x080015ac                OTG_HS_EP1_OUT_IRQHandler
                0x080015ac                WWDG_IRQHandler
                0x080015ac                SPI6_IRQHandler
                0x080015ac                MDIOS_IRQHandler
                0x080015ac                I2C4_EV_IRQHandler
                0x080015ac                FDCAN2_IT0_IRQHandler
                0x080015ac                LPUART1_IRQHandler
                0x080015ac                FDCAN1_IT0_IRQHandler
                0x080015ac                TIM2_IRQHandler
                0x080015ac                OTG_FS_WKUP_IRQHandler
                0x080015ac                OTG_HS_IRQHandler
                0x080015ac                HSEM2_IRQHandler
                0x080015ac                DMA2D_IRQHandler
                0x080015ac                TIM1_BRK_IRQHandler
                0x080015ac                EXTI1_IRQHandler
                0x080015ac                SDMMC2_IRQHandler
                0x080015ac                OTG_FS_EP1_OUT_IRQHandler
                0x080015ac                BDMA_Channel3_IRQHandler
                0x080015ac                HOLD_CORE_IRQHandler
                0x080015ac                UART7_IRQHandler
                0x080015ac                MDIOS_WKUP_IRQHandler
                0x080015ac                USART2_IRQHandler
                0x080015ac                DFSDM1_FLT0_IRQHandler
                0x080015ac                SAI4_IRQHandler
                0x080015ac                I2C2_ER_IRQHandler
                0x080015ac                DMA2_Stream1_IRQHandler
                0x080015ac                FLASH_IRQHandler
                0x080015ac                DMA2_Stream4_IRQHandler
                0x080015ac                USART1_IRQHandler
                0x080015ac                OTG_FS_IRQHandler
                0x080015ac                SPI3_IRQHandler
                0x080015ac                WAKEUP_PIN_IRQHandler
                0x080015ac                DMA1_Stream4_IRQHandler
                0x080015ac                OTG_FS_EP1_IN_IRQHandler
                0x080015ac                I2C1_ER_IRQHandler
                0x080015ac                FMC_IRQHandler
                0x080015ac                FDCAN_CAL_IRQHandler
                0x080015ac                SWPMI1_IRQHandler
                0x080015ac                COMP1_IRQHandler
                0x080015ac                LPTIM1_IRQHandler
                0x080015ac                I2C4_ER_IRQHandler
                0x080015ac                DMA2_Stream6_IRQHandler
                0x080015ac                SAI1_IRQHandler
                0x080015ac                RTC_Alarm_IRQHandler
 *fill*         0x080015ae        0x2 
 .text.BSP_LED_Init
                0x080015b0       0xec ./Drivers/BSP/STM32H7xx_Nucleo/stm32h7xx_nucleo.o
                0x080015b0                BSP_LED_Init
 .text.BSP_PB_Init
                0x0800169c       0xe4 ./Drivers/BSP/STM32H7xx_Nucleo/stm32h7xx_nucleo.o
                0x0800169c                BSP_PB_Init
 .text.BSP_PB_IRQHandler
                0x08001780       0x24 ./Drivers/BSP/STM32H7xx_Nucleo/stm32h7xx_nucleo.o
                0x08001780                BSP_PB_IRQHandler
 .text.BSP_PB_Callback
                0x080017a4       0x16 ./Drivers/BSP/STM32H7xx_Nucleo/stm32h7xx_nucleo.o
                0x080017a4                BSP_PB_Callback
 *fill*         0x080017ba        0x2 
 .text.BSP_COM_Init
                0x080017bc       0x60 ./Drivers/BSP/STM32H7xx_Nucleo/stm32h7xx_nucleo.o
                0x080017bc                BSP_COM_Init
 .text.MX_USART3_Init
                0x0800181c       0x64 ./Drivers/BSP/STM32H7xx_Nucleo/stm32h7xx_nucleo.o
                0x0800181c                MX_USART3_Init
 .text.BUTTON_USER_EXTI_Callback
                0x08001880        0xe ./Drivers/BSP/STM32H7xx_Nucleo/stm32h7xx_nucleo.o
 *fill*         0x0800188e        0x2 
 .text.COM1_MspInit
                0x08001890       0xb0 ./Drivers/BSP/STM32H7xx_Nucleo/stm32h7xx_nucleo.o
 .text.HAL_Init
                0x08001940       0x78 ./Drivers/STM32H7xx_HAL_Driver/stm32h7xx_hal.o
                0x08001940                HAL_Init
 .text.HAL_InitTick
                0x080019b8       0x6c ./Drivers/STM32H7xx_HAL_Driver/stm32h7xx_hal.o
                0x080019b8                HAL_InitTick
 .text.HAL_IncTick
                0x08001a24       0x28 ./Drivers/STM32H7xx_HAL_Driver/stm32h7xx_hal.o
                0x08001a24                HAL_IncTick
 .text.HAL_GetTick
                0x08001a4c       0x18 ./Drivers/STM32H7xx_HAL_Driver/stm32h7xx_hal.o
                0x08001a4c                HAL_GetTick
 .text.HAL_GetREVID
                0x08001a64       0x18 ./Drivers/STM32H7xx_HAL_Driver/stm32h7xx_hal.o
                0x08001a64                HAL_GetREVID
 .text.__NVIC_SetPriorityGrouping
                0x08001a7c       0x48 ./Drivers/STM32H7xx_HAL_Driver/stm32h7xx_hal_cortex.o
 .text.__NVIC_GetPriorityGrouping
                0x08001ac4       0x1c ./Drivers/STM32H7xx_HAL_Driver/stm32h7xx_hal_cortex.o
 .text.__NVIC_EnableIRQ
                0x08001ae0       0x3c ./Drivers/STM32H7xx_HAL_Driver/stm32h7xx_hal_cortex.o
 .text.__NVIC_SetPriority
                0x08001b1c       0x54 ./Drivers/STM32H7xx_HAL_Driver/stm32h7xx_hal_cortex.o
 .text.NVIC_EncodePriority
                0x08001b70       0x66 ./Drivers/STM32H7xx_HAL_Driver/stm32h7xx_hal_cortex.o
 *fill*         0x08001bd6        0x2 
 .text.SysTick_Config
                0x08001bd8       0x44 ./Drivers/STM32H7xx_HAL_Driver/stm32h7xx_hal_cortex.o
 .text.HAL_NVIC_SetPriorityGrouping
                0x08001c1c       0x40 ./Drivers/STM32H7xx_HAL_Driver/stm32h7xx_hal_cortex.o
                0x08001c1c                HAL_NVIC_SetPriorityGrouping
 .text.HAL_NVIC_SetPriority
                0x08001c5c       0x54 ./Drivers/STM32H7xx_HAL_Driver/stm32h7xx_hal_cortex.o
                0x08001c5c                HAL_NVIC_SetPriority
 .text.HAL_NVIC_EnableIRQ
                0x08001cb0       0x30 ./Drivers/STM32H7xx_HAL_Driver/stm32h7xx_hal_cortex.o
                0x08001cb0                HAL_NVIC_EnableIRQ
 .text.HAL_SYSTICK_Config
                0x08001ce0       0x18 ./Drivers/STM32H7xx_HAL_Driver/stm32h7xx_hal_cortex.o
                0x08001ce0                HAL_SYSTICK_Config
 .text.HAL_GetCurrentCPUID
                0x08001cf8       0x24 ./Drivers/STM32H7xx_HAL_Driver/stm32h7xx_hal_cortex.o
                0x08001cf8                HAL_GetCurrentCPUID
 .text.HAL_EXTI_RegisterCallback
                0x08001d1c       0x3e ./Drivers/STM32H7xx_HAL_Driver/stm32h7xx_hal_exti.o
                0x08001d1c                HAL_EXTI_RegisterCallback
 *fill*         0x08001d5a        0x2 
 .text.HAL_EXTI_GetHandle
                0x08001d5c       0xa8 ./Drivers/STM32H7xx_HAL_Driver/stm32h7xx_hal_exti.o
                0x08001d5c                HAL_EXTI_GetHandle
 .text.HAL_EXTI_IRQHandler
                0x08001e04       0x78 ./Drivers/STM32H7xx_HAL_Driver/stm32h7xx_hal_exti.o
                0x08001e04                HAL_EXTI_IRQHandler
 .text.HAL_GPIO_Init
                0x08001e7c      0x554 ./Drivers/STM32H7xx_HAL_Driver/stm32h7xx_hal_gpio.o
                0x08001e7c                HAL_GPIO_Init
 .text.HAL_GPIO_WritePin
                0x080023d0       0x58 ./Drivers/STM32H7xx_HAL_Driver/stm32h7xx_hal_gpio.o
                0x080023d0                HAL_GPIO_WritePin
 .text.HAL_PWREx_ConfigSupply
                0x08002428       0xf8 ./Drivers/STM32H7xx_HAL_Driver/stm32h7xx_hal_pwr_ex.o
                0x08002428                HAL_PWREx_ConfigSupply
 .text.HAL_RCC_OscConfig
                0x08002520      0xb60 ./Drivers/STM32H7xx_HAL_Driver/stm32h7xx_hal_rcc.o
                0x08002520                HAL_RCC_OscConfig
 .text.HAL_RCC_ClockConfig
                0x08003080      0x6e0 ./Drivers/STM32H7xx_HAL_Driver/stm32h7xx_hal_rcc.o
                0x08003080                HAL_RCC_ClockConfig
 .text.HAL_RCC_GetSysClockFreq
                0x08003760      0x2f4 ./Drivers/STM32H7xx_HAL_Driver/stm32h7xx_hal_rcc.o
                0x08003760                HAL_RCC_GetSysClockFreq
 .text.HAL_RCC_GetHCLKFreq
                0x08003a54       0x60 ./Drivers/STM32H7xx_HAL_Driver/stm32h7xx_hal_rcc.o
                0x08003a54                HAL_RCC_GetHCLKFreq
 .text.HAL_RCC_GetPCLK1Freq
                0x08003ab4       0x2c ./Drivers/STM32H7xx_HAL_Driver/stm32h7xx_hal_rcc.o
                0x08003ab4                HAL_RCC_GetPCLK1Freq
 .text.HAL_RCC_GetPCLK2Freq
                0x08003ae0       0x2c ./Drivers/STM32H7xx_HAL_Driver/stm32h7xx_hal_rcc.o
                0x08003ae0                HAL_RCC_GetPCLK2Freq
 .text.HAL_RCCEx_GetD3PCLK1Freq
                0x08003b0c       0x2c ./Drivers/STM32H7xx_HAL_Driver/stm32h7xx_hal_rcc_ex.o
                0x08003b0c                HAL_RCCEx_GetD3PCLK1Freq
 .text.HAL_RCCEx_GetPLL2ClockFreq
                0x08003b38      0x2a8 ./Drivers/STM32H7xx_HAL_Driver/stm32h7xx_hal_rcc_ex.o
                0x08003b38                HAL_RCCEx_GetPLL2ClockFreq
 .text.HAL_RCCEx_GetPLL3ClockFreq
                0x08003de0      0x2a8 ./Drivers/STM32H7xx_HAL_Driver/stm32h7xx_hal_rcc_ex.o
                0x08003de0                HAL_RCCEx_GetPLL3ClockFreq
 .text.HAL_TIM_Base_Init
                0x08004088      0x240 ./Drivers/STM32H7xx_HAL_Driver/stm32h7xx_hal_tim.o
                0x08004088                HAL_TIM_Base_Init
 .text.HAL_TIM_PWM_Init
                0x080042c8      0x240 ./Drivers/STM32H7xx_HAL_Driver/stm32h7xx_hal_tim.o
                0x080042c8                HAL_TIM_PWM_Init
 .text.HAL_TIM_PWM_MspInit
                0x08004508       0x14 ./Drivers/STM32H7xx_HAL_Driver/stm32h7xx_hal_tim.o
                0x08004508                HAL_TIM_PWM_MspInit
 .text.HAL_TIM_PWM_Start
                0x0800451c      0x3b8 ./Drivers/STM32H7xx_HAL_Driver/stm32h7xx_hal_tim.o
                0x0800451c                HAL_TIM_PWM_Start
 .text.HAL_TIM_Encoder_Init
                0x080048d4      0x384 ./Drivers/STM32H7xx_HAL_Driver/stm32h7xx_hal_tim.o
                0x080048d4                HAL_TIM_Encoder_Init
 .text.HAL_TIM_PWM_ConfigChannel
                0x08004c58      0x4d0 ./Drivers/STM32H7xx_HAL_Driver/stm32h7xx_hal_tim.o
                0x08004c58                HAL_TIM_PWM_ConfigChannel
 .text.HAL_TIM_ConfigClockSource
                0x08005128      0x764 ./Drivers/STM32H7xx_HAL_Driver/stm32h7xx_hal_tim.o
                0x08005128                HAL_TIM_ConfigClockSource
 .text.TIM_Base_SetConfig
                0x0800588c      0x140 ./Drivers/STM32H7xx_HAL_Driver/stm32h7xx_hal_tim.o
                0x0800588c                TIM_Base_SetConfig
 .text.TIM_OC1_SetConfig
                0x080059cc      0x174 ./Drivers/STM32H7xx_HAL_Driver/stm32h7xx_hal_tim.o
 .text.TIM_OC2_SetConfig
                0x08005b40      0x164 ./Drivers/STM32H7xx_HAL_Driver/stm32h7xx_hal_tim.o
                0x08005b40                TIM_OC2_SetConfig
 .text.TIM_OC3_SetConfig
                0x08005ca4      0x164 ./Drivers/STM32H7xx_HAL_Driver/stm32h7xx_hal_tim.o
 .text.TIM_OC4_SetConfig
                0x08005e08       0xf0 ./Drivers/STM32H7xx_HAL_Driver/stm32h7xx_hal_tim.o
 .text.TIM_OC5_SetConfig
                0x08005ef8       0xc8 ./Drivers/STM32H7xx_HAL_Driver/stm32h7xx_hal_tim.o
 .text.TIM_OC6_SetConfig
                0x08005fc0       0xcc ./Drivers/STM32H7xx_HAL_Driver/stm32h7xx_hal_tim.o
 .text.TIM_TI1_ConfigInputStage
                0x0800608c       0x5e ./Drivers/STM32H7xx_HAL_Driver/stm32h7xx_hal_tim.o
 .text.TIM_TI2_ConfigInputStage
                0x080060ea       0x60 ./Drivers/STM32H7xx_HAL_Driver/stm32h7xx_hal_tim.o
 *fill*         0x0800614a        0x2 
 .text.TIM_ITRx_SetConfig
                0x0800614c       0x3c ./Drivers/STM32H7xx_HAL_Driver/stm32h7xx_hal_tim.o
 .text.TIM_ETR_SetConfig
                0x08006188       0x40 ./Drivers/STM32H7xx_HAL_Driver/stm32h7xx_hal_tim.o
                0x08006188                TIM_ETR_SetConfig
 .text.TIM_CCxChannelCmd
                0x080061c8      0x114 ./Drivers/STM32H7xx_HAL_Driver/stm32h7xx_hal_tim.o
                0x080061c8                TIM_CCxChannelCmd
 .text.HAL_TIMEx_MasterConfigSynchronization
                0x080062dc      0x2cc ./Drivers/STM32H7xx_HAL_Driver/stm32h7xx_hal_tim_ex.o
                0x080062dc                HAL_TIMEx_MasterConfigSynchronization
 .text.HAL_TIMEx_ConfigBreakDeadTime
                0x080065a8      0x270 ./Drivers/STM32H7xx_HAL_Driver/stm32h7xx_hal_tim_ex.o
                0x080065a8                HAL_TIMEx_ConfigBreakDeadTime
 .text.HAL_UART_Init
                0x08006818      0x19c ./Drivers/STM32H7xx_HAL_Driver/stm32h7xx_hal_uart.o
                0x08006818                HAL_UART_Init
 .text.HAL_UART_MspInit
                0x080069b4       0x14 ./Drivers/STM32H7xx_HAL_Driver/stm32h7xx_hal_uart.o
                0x080069b4                HAL_UART_MspInit
 .text.UART_SetConfig
                0x080069c8      0xc88 ./Drivers/STM32H7xx_HAL_Driver/stm32h7xx_hal_uart.o
                0x080069c8                UART_SetConfig
 .text.UART_AdvFeatureConfig
                0x08007650      0x2e8 ./Drivers/STM32H7xx_HAL_Driver/stm32h7xx_hal_uart.o
                0x08007650                UART_AdvFeatureConfig
 .text.UART_CheckIdleState
                0x08007938      0x154 ./Drivers/STM32H7xx_HAL_Driver/stm32h7xx_hal_uart.o
                0x08007938                UART_CheckIdleState
 .text.UART_WaitOnFlagUntilTimeout
                0x08007a8c       0xda ./Drivers/STM32H7xx_HAL_Driver/stm32h7xx_hal_uart.o
                0x08007a8c                UART_WaitOnFlagUntilTimeout
 *fill*         0x08007b66        0x2 
 .text.UART_EndRxTransfer
                0x08007b68       0xcc ./Drivers/STM32H7xx_HAL_Driver/stm32h7xx_hal_uart.o
 .text.memset   0x08007c34       0x10 /Applications/STM32CubeIDE.app/Contents/Eclipse/plugins/com.st.stm32cube.ide.mcu.externaltools.gnu-tools-for-stm32.13.3.rel1.macos64_1.0.0.202411102158/tools/bin/../lib/gcc/arm-none-eabi/13.3.1/../../../../arm-none-eabi/lib/thumb/v7e-m+dp/hard/libc_nano.a(libc_a-memset.o)
                0x08007c34                memset
 .text.__libc_init_array
                0x08007c44       0x48 /Applications/STM32CubeIDE.app/Contents/Eclipse/plugins/com.st.stm32cube.ide.mcu.externaltools.gnu-tools-for-stm32.13.3.rel1.macos64_1.0.0.202411102158/tools/bin/../lib/gcc/arm-none-eabi/13.3.1/../../../../arm-none-eabi/lib/thumb/v7e-m+dp/hard/libc_nano.a(libc_a-init.o)
                0x08007c44                __libc_init_array
 *(.glue_7)
 .glue_7        0x08007c8c        0x0 linker stubs
 *(.glue_7t)
 .glue_7t       0x08007c8c        0x0 linker stubs
 *(.eh_frame)
 .eh_frame      0x08007c8c        0x0 /Applications/STM32CubeIDE.app/Contents/Eclipse/plugins/com.st.stm32cube.ide.mcu.externaltools.gnu-tools-for-stm32.13.3.rel1.macos64_1.0.0.202411102158/tools/bin/../lib/gcc/arm-none-eabi/13.3.1/thumb/v7e-m+dp/hard/crtbegin.o
 *(.init)
 .init          0x08007c8c        0x4 /Applications/STM32CubeIDE.app/Contents/Eclipse/plugins/com.st.stm32cube.ide.mcu.externaltools.gnu-tools-for-stm32.13.3.rel1.macos64_1.0.0.202411102158/tools/bin/../lib/gcc/arm-none-eabi/13.3.1/thumb/v7e-m+dp/hard/crti.o
                0x08007c8c                _init
 .init          0x08007c90        0x8 /Applications/STM32CubeIDE.app/Contents/Eclipse/plugins/com.st.stm32cube.ide.mcu.externaltools.gnu-tools-for-stm32.13.3.rel1.macos64_1.0.0.202411102158/tools/bin/../lib/gcc/arm-none-eabi/13.3.1/thumb/v7e-m+dp/hard/crtn.o
 *(.fini)
 .fini          0x08007c98        0x4 /Applications/STM32CubeIDE.app/Contents/Eclipse/plugins/com.st.stm32cube.ide.mcu.externaltools.gnu-tools-for-stm32.13.3.rel1.macos64_1.0.0.202411102158/tools/bin/../lib/gcc/arm-none-eabi/13.3.1/thumb/v7e-m+dp/hard/crti.o
                0x08007c98                _fini
 .fini          0x08007c9c        0x8 /Applications/STM32CubeIDE.app/Contents/Eclipse/plugins/com.st.stm32cube.ide.mcu.externaltools.gnu-tools-for-stm32.13.3.rel1.macos64_1.0.0.202411102158/tools/bin/../lib/gcc/arm-none-eabi/13.3.1/thumb/v7e-m+dp/hard/crtn.o
                0x08007ca4                        . = ALIGN (0x4)
                0x08007ca4                        _etext = .

.vfp11_veneer   0x08007ca4        0x0
 .vfp11_veneer  0x08007ca4        0x0 linker stubs

.v4_bx          0x08007ca4        0x0
 .v4_bx         0x08007ca4        0x0 linker stubs

.iplt           0x08007ca4        0x0
 .iplt          0x08007ca4        0x0 /Applications/STM32CubeIDE.app/Contents/Eclipse/plugins/com.st.stm32cube.ide.mcu.externaltools.gnu-tools-for-stm32.13.3.rel1.macos64_1.0.0.202411102158/tools/bin/../lib/gcc/arm-none-eabi/13.3.1/thumb/v7e-m+dp/hard/crtbegin.o

.rodata         0x08007ca4      0x3a0
                0x08007ca4                        . = ALIGN (0x4)
 *(.rodata)
 .rodata        0x08007ca4       0x6e ./Drivers/STM32H7xx_HAL_Driver/stm32h7xx_hal_cortex.o
 *fill*         0x08007d12        0x2 
 .rodata        0x08007d14       0x6c ./Drivers/STM32H7xx_HAL_Driver/stm32h7xx_hal_exti.o
 .rodata        0x08007d80       0x6c ./Drivers/STM32H7xx_HAL_Driver/stm32h7xx_hal_gpio.o
 .rodata        0x08007dec       0x6e ./Drivers/STM32H7xx_HAL_Driver/stm32h7xx_hal_pwr_ex.o
 *fill*         0x08007e5a        0x2 
 .rodata        0x08007e5c       0x6b ./Drivers/STM32H7xx_HAL_Driver/stm32h7xx_hal_rcc.o
 *fill*         0x08007ec7        0x1 
 .rodata        0x08007ec8       0x6b ./Drivers/STM32H7xx_HAL_Driver/stm32h7xx_hal_tim.o
 *fill*         0x08007f33        0x1 
 .rodata        0x08007f34       0x6e ./Drivers/STM32H7xx_HAL_Driver/stm32h7xx_hal_tim_ex.o
 *fill*         0x08007fa2        0x2 
 .rodata        0x08007fa4       0x6c ./Drivers/STM32H7xx_HAL_Driver/stm32h7xx_hal_uart.o
 *(.rodata*)
 .rodata.D1CorePrescTable
                0x08008010       0x10 ./Common/Src/system_stm32h7xx_dualcore_boot_cm4_cm7.o
                0x08008010                D1CorePrescTable
 .rodata.LED_PIN
                0x08008020        0x6 ./Drivers/BSP/STM32H7xx_Nucleo/stm32h7xx_nucleo.o
 *fill*         0x08008026        0x2 
 .rodata.BUTTON_EXTI_LINE.2
                0x08008028        0x4 ./Drivers/BSP/STM32H7xx_Nucleo/stm32h7xx_nucleo.o
 .rodata.UARTPrescTable
                0x0800802c       0x18 ./Drivers/STM32H7xx_HAL_Driver/stm32h7xx_hal_uart.o
                0x0800802c                UARTPrescTable
                0x08008044                        . = ALIGN (0x4)

.ARM.extab      0x08008044        0x0
                0x08008044                        . = ALIGN (0x4)
 *(.ARM.extab* .gnu.linkonce.armextab.*)
                0x08008044                        . = ALIGN (0x4)

.ARM            0x08008044        0x8
                0x08008044                        . = ALIGN (0x4)
                0x08008044                        __exidx_start = .
 *(.ARM.exidx*)
 .ARM.exidx     0x08008044        0x8 /Applications/STM32CubeIDE.app/Contents/Eclipse/plugins/com.st.stm32cube.ide.mcu.externaltools.gnu-tools-for-stm32.13.3.rel1.macos64_1.0.0.202411102158/tools/bin/../lib/gcc/arm-none-eabi/13.3.1/thumb/v7e-m+dp/hard/libgcc.a(_udivmoddi4.o)
                0x0800804c                        __exidx_end = .
                0x0800804c                        . = ALIGN (0x4)

.preinit_array  0x0800804c        0x0
                0x0800804c                        . = ALIGN (0x4)
                0x0800804c                        PROVIDE (__preinit_array_start = .)
 *(.preinit_array*)
                0x0800804c                        PROVIDE (__preinit_array_end = .)
                0x0800804c                        . = ALIGN (0x4)

.init_array     0x0800804c        0x4
                0x0800804c                        . = ALIGN (0x4)
                0x0800804c                        PROVIDE (__init_array_start = .)
 *(SORT_BY_NAME(.init_array.*))
 *(.init_array*)
 .init_array    0x0800804c        0x4 /Applications/STM32CubeIDE.app/Contents/Eclipse/plugins/com.st.stm32cube.ide.mcu.externaltools.gnu-tools-for-stm32.13.3.rel1.macos64_1.0.0.202411102158/tools/bin/../lib/gcc/arm-none-eabi/13.3.1/thumb/v7e-m+dp/hard/crtbegin.o
                0x08008050                        PROVIDE (__init_array_end = .)
                0x08008050                        . = ALIGN (0x4)

.fini_array     0x08008050        0x4
                0x08008050                        . = ALIGN (0x4)
                [!provide]                        PROVIDE (__fini_array_start = .)
 *(SORT_BY_NAME(.fini_array.*))
 *(.fini_array*)
 .fini_array    0x08008050        0x4 /Applications/STM32CubeIDE.app/Contents/Eclipse/plugins/com.st.stm32cube.ide.mcu.externaltools.gnu-tools-for-stm32.13.3.rel1.macos64_1.0.0.202411102158/tools/bin/../lib/gcc/arm-none-eabi/13.3.1/thumb/v7e-m+dp/hard/crtbegin.o
                [!provide]                        PROVIDE (__fini_array_end = .)
                0x08008054                        . = ALIGN (0x4)
                0x08008054                        _sidata = LOADADDR (.data)

.rel.dyn        0x08008054        0x0
 .rel.iplt      0x08008054        0x0 /Applications/STM32CubeIDE.app/Contents/Eclipse/plugins/com.st.stm32cube.ide.mcu.externaltools.gnu-tools-for-stm32.13.3.rel1.macos64_1.0.0.202411102158/tools/bin/../lib/gcc/arm-none-eabi/13.3.1/thumb/v7e-m+dp/hard/crtbegin.o

.data           0x24000000       0x2c load address 0x08008054
                0x24000000                        . = ALIGN (0x4)
                0x24000000                        _sdata = .
 *(.data)
 *(.data*)
 .data.SystemCoreClock
                0x24000000        0x4 ./Common/Src/system_stm32h7xx_dualcore_boot_cm4_cm7.o
                0x24000000                SystemCoreClock
 .data.SystemD2Clock
                0x24000004        0x4 ./Common/Src/system_stm32h7xx_dualcore_boot_cm4_cm7.o
                0x24000004                SystemD2Clock
 .data.COM_USART
                0x24000008        0x4 ./Drivers/BSP/STM32H7xx_Nucleo/stm32h7xx_nucleo.o
                0x24000008                COM_USART
 .data.LED_PORT
                0x2400000c        0xc ./Drivers/BSP/STM32H7xx_Nucleo/stm32h7xx_nucleo.o
 .data.BUTTON_PORT
                0x24000018        0x4 ./Drivers/BSP/STM32H7xx_Nucleo/stm32h7xx_nucleo.o
 .data.ButtonCallback.1
                0x2400001c        0x4 ./Drivers/BSP/STM32H7xx_Nucleo/stm32h7xx_nucleo.o
 .data.BSP_BUTTON_PRIO.0
                0x24000020        0x4 ./Drivers/BSP/STM32H7xx_Nucleo/stm32h7xx_nucleo.o
 .data.uwTickPrio
                0x24000024        0x4 ./Drivers/STM32H7xx_HAL_Driver/stm32h7xx_hal.o
                0x24000024                uwTickPrio
 .data.uwTickFreq
                0x24000028        0x1 ./Drivers/STM32H7xx_HAL_Driver/stm32h7xx_hal.o
                0x24000028                uwTickFreq
 *(.RamFunc)
 *(.RamFunc*)
                0x2400002c                        . = ALIGN (0x4)
 *fill*         0x24000029        0x3 
                0x2400002c                        _edata = .

.igot.plt       0x2400002c        0x0 load address 0x08008080
 .igot.plt      0x2400002c        0x0 /Applications/STM32CubeIDE.app/Contents/Eclipse/plugins/com.st.stm32cube.ide.mcu.externaltools.gnu-tools-for-stm32.13.3.rel1.macos64_1.0.0.202411102158/tools/bin/../lib/gcc/arm-none-eabi/13.3.1/thumb/v7e-m+dp/hard/crtbegin.o
                0x2400002c                        . = ALIGN (0x4)

.bss            0x2400002c      0x308 load address 0x08008080
                0x2400002c                        _sbss = .
                0x2400002c                        __bss_start__ = _sbss
 *(.bss)
 .bss           0x2400002c       0x1c /Applications/STM32CubeIDE.app/Contents/Eclipse/plugins/com.st.stm32cube.ide.mcu.externaltools.gnu-tools-for-stm32.13.3.rel1.macos64_1.0.0.202411102158/tools/bin/../lib/gcc/arm-none-eabi/13.3.1/thumb/v7e-m+dp/hard/crtbegin.o
 *(.bss*)
 .bss.BspCOMInit
                0x24000048       0x10 ./Core/Src/main.o
                0x24000048                BspCOMInit
 .bss.motorA    0x24000058       0x30 ./Core/Src/main.o
                0x24000058                motorA
 .bss.motorB    0x24000088       0x30 ./Core/Src/main.o
                0x24000088                motorB
 .bss.motorC    0x240000b8       0x30 ./Core/Src/main.o
                0x240000b8                motorC
 .bss.motorD    0x240000e8       0x30 ./Core/Src/main.o
                0x240000e8                motorD
 .bss.htim1     0x24000118       0x4c ./Core/Src/tim.o
                0x24000118                htim1
 .bss.htim2     0x24000164       0x4c ./Core/Src/tim.o
                0x24000164                htim2
 .bss.htim3     0x240001b0       0x4c ./Core/Src/tim.o
                0x240001b0                htim3
 .bss.htim4     0x240001fc       0x4c ./Core/Src/tim.o
                0x240001fc                htim4
 .bss.htim8     0x24000248       0x4c ./Core/Src/tim.o
                0x24000248                htim8
 .bss.hpb_exti  0x24000294        0x8 ./Drivers/BSP/STM32H7xx_Nucleo/stm32h7xx_nucleo.o
                0x24000294                hpb_exti
 .bss.hcom_uart
                0x2400029c       0x94 ./Drivers/BSP/STM32H7xx_Nucleo/stm32h7xx_nucleo.o
                0x2400029c                hcom_uart
 .bss.uwTick    0x24000330        0x4 ./Drivers/STM32H7xx_HAL_Driver/stm32h7xx_hal.o
                0x24000330                uwTick
 *(COMMON)
                0x24000334                        . = ALIGN (0x4)
                0x24000334                        _ebss = .
                0x24000334                        __bss_end__ = _ebss

._user_heap_stack
                0x24000334      0x604 load address 0x08008080
                0x24000338                        . = ALIGN (0x8)
 *fill*         0x24000334        0x4 
                [!provide]                        PROVIDE (end = .)
                0x24000338                        PROVIDE (_end = .)
                0x24000538                        . = (. + _Min_Heap_Size)
 *fill*         0x24000338      0x200 
                0x24000938                        . = (. + _Min_Stack_Size)
 *fill*         0x24000538      0x400 
                0x24000938                        . = ALIGN (0x8)

/DISCARD/
 libc.a(*)
 libm.a(*)
 libgcc.a(*)

.ARM.attributes
                0x00000000       0x2e
 *(.ARM.attributes)
 .ARM.attributes
                0x00000000       0x20 /Applications/STM32CubeIDE.app/Contents/Eclipse/plugins/com.st.stm32cube.ide.mcu.externaltools.gnu-tools-for-stm32.13.3.rel1.macos64_1.0.0.202411102158/tools/bin/../lib/gcc/arm-none-eabi/13.3.1/thumb/v7e-m+dp/hard/crti.o
 .ARM.attributes
                0x00000020       0x32 /Applications/STM32CubeIDE.app/Contents/Eclipse/plugins/com.st.stm32cube.ide.mcu.externaltools.gnu-tools-for-stm32.13.3.rel1.macos64_1.0.0.202411102158/tools/bin/../lib/gcc/arm-none-eabi/13.3.1/thumb/v7e-m+dp/hard/crtbegin.o
 .ARM.attributes
                0x00000052       0x32 ./Common/Src/system_stm32h7xx_dualcore_boot_cm4_cm7.o
 .ARM.attributes
                0x00000084       0x32 ./Core/Src/gpio.o
 .ARM.attributes
                0x000000b6       0x32 ./Core/Src/main.o
 .ARM.attributes
                0x000000e8       0x32 ./Core/Src/motor_driver.o
 .ARM.attributes
                0x0000011a       0x32 ./Core/Src/stm32h7xx_hal_msp.o
 .ARM.attributes
                0x0000014c       0x32 ./Core/Src/stm32h7xx_it.o
 .ARM.attributes
                0x0000017e       0x32 ./Core/Src/tim.o
 .ARM.attributes
                0x000001b0       0x21 ./Core/Startup/startup_stm32h755zitx.o
 .ARM.attributes
                0x000001d1       0x32 ./Drivers/BSP/STM32H7xx_Nucleo/stm32h7xx_nucleo.o
 .ARM.attributes
                0x00000203       0x32 ./Drivers/STM32H7xx_HAL_Driver/stm32h7xx_hal.o
 .ARM.attributes
                0x00000235       0x32 ./Drivers/STM32H7xx_HAL_Driver/stm32h7xx_hal_cortex.o
 .ARM.attributes
                0x00000267       0x32 ./Drivers/STM32H7xx_HAL_Driver/stm32h7xx_hal_exti.o
 .ARM.attributes
                0x00000299       0x32 ./Drivers/STM32H7xx_HAL_Driver/stm32h7xx_hal_gpio.o
 .ARM.attributes
                0x000002cb       0x32 ./Drivers/STM32H7xx_HAL_Driver/stm32h7xx_hal_pwr_ex.o
 .ARM.attributes
                0x000002fd       0x32 ./Drivers/STM32H7xx_HAL_Driver/stm32h7xx_hal_rcc.o
 .ARM.attributes
                0x0000032f       0x32 ./Drivers/STM32H7xx_HAL_Driver/stm32h7xx_hal_rcc_ex.o
 .ARM.attributes
                0x00000361       0x32 ./Drivers/STM32H7xx_HAL_Driver/stm32h7xx_hal_tim.o
 .ARM.attributes
                0x00000393       0x32 ./Drivers/STM32H7xx_HAL_Driver/stm32h7xx_hal_tim_ex.o
 .ARM.attributes
                0x000003c5       0x32 ./Drivers/STM32H7xx_HAL_Driver/stm32h7xx_hal_uart.o
 .ARM.attributes
                0x000003f7       0x32 /Applications/STM32CubeIDE.app/Contents/Eclipse/plugins/com.st.stm32cube.ide.mcu.externaltools.gnu-tools-for-stm32.13.3.rel1.macos64_1.0.0.202411102158/tools/bin/../lib/gcc/arm-none-eabi/13.3.1/../../../../arm-none-eabi/lib/thumb/v7e-m+dp/hard/libc_nano.a(libc_a-memset.o)
 .ARM.attributes
                0x00000429       0x32 /Applications/STM32CubeIDE.app/Contents/Eclipse/plugins/com.st.stm32cube.ide.mcu.externaltools.gnu-tools-for-stm32.13.3.rel1.macos64_1.0.0.202411102158/tools/bin/../lib/gcc/arm-none-eabi/13.3.1/../../../../arm-none-eabi/lib/thumb/v7e-m+dp/hard/libc_nano.a(libc_a-init.o)
 .ARM.attributes
                0x0000045b       0x20 /Applications/STM32CubeIDE.app/Contents/Eclipse/plugins/com.st.stm32cube.ide.mcu.externaltools.gnu-tools-for-stm32.13.3.rel1.macos64_1.0.0.202411102158/tools/bin/../lib/gcc/arm-none-eabi/13.3.1/thumb/v7e-m+dp/hard/libgcc.a(_aeabi_uldivmod.o)
 .ARM.attributes
                0x0000047b       0x32 /Applications/STM32CubeIDE.app/Contents/Eclipse/plugins/com.st.stm32cube.ide.mcu.externaltools.gnu-tools-for-stm32.13.3.rel1.macos64_1.0.0.202411102158/tools/bin/../lib/gcc/arm-none-eabi/13.3.1/thumb/v7e-m+dp/hard/libgcc.a(_udivmoddi4.o)
 .ARM.attributes
                0x000004ad       0x20 /Applications/STM32CubeIDE.app/Contents/Eclipse/plugins/com.st.stm32cube.ide.mcu.externaltools.gnu-tools-for-stm32.13.3.rel1.macos64_1.0.0.202411102158/tools/bin/../lib/gcc/arm-none-eabi/13.3.1/thumb/v7e-m+dp/hard/libgcc.a(_dvmd_tls.o)
 .ARM.attributes
                0x000004cd       0x20 /Applications/STM32CubeIDE.app/Contents/Eclipse/plugins/com.st.stm32cube.ide.mcu.externaltools.gnu-tools-for-stm32.13.3.rel1.macos64_1.0.0.202411102158/tools/bin/../lib/gcc/arm-none-eabi/13.3.1/thumb/v7e-m+dp/hard/crtn.o
OUTPUT(4WheelsVehicle_CM7.elf elf32-littlearm)
LOAD linker stubs
LOAD /Applications/STM32CubeIDE.app/Contents/Eclipse/plugins/com.st.stm32cube.ide.mcu.externaltools.gnu-tools-for-stm32.13.3.rel1.macos64_1.0.0.202411102158/tools/bin/../lib/gcc/arm-none-eabi/13.3.1/../../../../arm-none-eabi/lib/thumb/v7e-m+dp/hard/libc.a
LOAD /Applications/STM32CubeIDE.app/Contents/Eclipse/plugins/com.st.stm32cube.ide.mcu.externaltools.gnu-tools-for-stm32.13.3.rel1.macos64_1.0.0.202411102158/tools/bin/../lib/gcc/arm-none-eabi/13.3.1/../../../../arm-none-eabi/lib/thumb/v7e-m+dp/hard/libm.a
LOAD /Applications/STM32CubeIDE.app/Contents/Eclipse/plugins/com.st.stm32cube.ide.mcu.externaltools.gnu-tools-for-stm32.13.3.rel1.macos64_1.0.0.202411102158/tools/bin/../lib/gcc/arm-none-eabi/13.3.1/thumb/v7e-m+dp/hard/libgcc.a

.debug_info     0x00000000    0x16447
 .debug_info    0x00000000      0xe73 ./Common/Src/system_stm32h7xx_dualcore_boot_cm4_cm7.o
 .debug_info    0x00000e73      0x684 ./Core/Src/gpio.o
 .debug_info    0x000014f7     0x11e9 ./Core/Src/main.o
 .debug_info    0x000026e0      0x5f0 ./Core/Src/motor_driver.o
 .debug_info    0x00002cd0      0x464 ./Core/Src/stm32h7xx_hal_msp.o
 .debug_info    0x00003134      0x170 ./Core/Src/stm32h7xx_it.o
 .debug_info    0x000032a4     0x135f ./Core/Src/tim.o
 .debug_info    0x00004603       0x30 ./Core/Startup/startup_stm32h755zitx.o
 .debug_info    0x00004633     0x1aa0 ./Drivers/BSP/STM32H7xx_Nucleo/stm32h7xx_nucleo.o
 .debug_info    0x000060d3     0x17aa ./Drivers/STM32H7xx_HAL_Driver/stm32h7xx_hal.o
 .debug_info    0x0000787d     0x110a ./Drivers/STM32H7xx_HAL_Driver/stm32h7xx_hal_cortex.o
 .debug_info    0x00008987      0xa03 ./Drivers/STM32H7xx_HAL_Driver/stm32h7xx_hal_exti.o
 .debug_info    0x0000938a      0xd37 ./Drivers/STM32H7xx_HAL_Driver/stm32h7xx_hal_gpio.o
 .debug_info    0x0000a0c1     0x1246 ./Drivers/STM32H7xx_HAL_Driver/stm32h7xx_hal_pwr_ex.o
 .debug_info    0x0000b307      0xe84 ./Drivers/STM32H7xx_HAL_Driver/stm32h7xx_hal_rcc.o
 .debug_info    0x0000c18b     0x131b ./Drivers/STM32H7xx_HAL_Driver/stm32h7xx_hal_rcc_ex.o
 .debug_info    0x0000d4a6     0x2c22 ./Drivers/STM32H7xx_HAL_Driver/stm32h7xx_hal_tim.o
 .debug_info    0x000100c8     0x184b ./Drivers/STM32H7xx_HAL_Driver/stm32h7xx_hal_tim_ex.o
 .debug_info    0x00011913     0x4b34 ./Drivers/STM32H7xx_HAL_Driver/stm32h7xx_hal_uart.o

.debug_abbrev   0x00000000     0x292a
 .debug_abbrev  0x00000000      0x165 ./Common/Src/system_stm32h7xx_dualcore_boot_cm4_cm7.o
 .debug_abbrev  0x00000165      0x189 ./Core/Src/gpio.o
 .debug_abbrev  0x000002ee      0x29e ./Core/Src/main.o
 .debug_abbrev  0x0000058c      0x1b0 ./Core/Src/motor_driver.o
 .debug_abbrev  0x0000073c       0xdb ./Core/Src/stm32h7xx_hal_msp.o
 .debug_abbrev  0x00000817       0xbc ./Core/Src/stm32h7xx_it.o
 .debug_abbrev  0x000008d3      0x28d ./Core/Src/tim.o
 .debug_abbrev  0x00000b60       0x24 ./Core/Startup/startup_stm32h755zitx.o
 .debug_abbrev  0x00000b84      0x340 ./Drivers/BSP/STM32H7xx_Nucleo/stm32h7xx_nucleo.o
 .debug_abbrev  0x00000ec4      0x278 ./Drivers/STM32H7xx_HAL_Driver/stm32h7xx_hal.o
 .debug_abbrev  0x0000113c      0x355 ./Drivers/STM32H7xx_HAL_Driver/stm32h7xx_hal_cortex.o
 .debug_abbrev  0x00001491      0x212 ./Drivers/STM32H7xx_HAL_Driver/stm32h7xx_hal_exti.o
 .debug_abbrev  0x000016a3      0x222 ./Drivers/STM32H7xx_HAL_Driver/stm32h7xx_hal_gpio.o
 .debug_abbrev  0x000018c5      0x2d6 ./Drivers/STM32H7xx_HAL_Driver/stm32h7xx_hal_pwr_ex.o
 .debug_abbrev  0x00001b9b      0x2dd ./Drivers/STM32H7xx_HAL_Driver/stm32h7xx_hal_rcc.o
 .debug_abbrev  0x00001e78      0x285 ./Drivers/STM32H7xx_HAL_Driver/stm32h7xx_hal_rcc_ex.o
 .debug_abbrev  0x000020fd      0x273 ./Drivers/STM32H7xx_HAL_Driver/stm32h7xx_hal_tim.o
 .debug_abbrev  0x00002370      0x27d ./Drivers/STM32H7xx_HAL_Driver/stm32h7xx_hal_tim_ex.o
 .debug_abbrev  0x000025ed      0x33d ./Drivers/STM32H7xx_HAL_Driver/stm32h7xx_hal_uart.o

.debug_aranges  0x00000000     0x1140
 .debug_aranges
                0x00000000       0x30 ./Common/Src/system_stm32h7xx_dualcore_boot_cm4_cm7.o
 .debug_aranges
                0x00000030       0x20 ./Core/Src/gpio.o
 .debug_aranges
                0x00000050       0x38 ./Core/Src/main.o
 .debug_aranges
                0x00000088       0x58 ./Core/Src/motor_driver.o
 .debug_aranges
                0x000000e0       0x20 ./Core/Src/stm32h7xx_hal_msp.o
 .debug_aranges
                0x00000100       0x68 ./Core/Src/stm32h7xx_it.o
 .debug_aranges
                0x00000168       0x68 ./Core/Src/tim.o
 .debug_aranges
                0x000001d0       0x28 ./Core/Startup/startup_stm32h755zitx.o
 .debug_aranges
                0x000001f8       0xb8 ./Drivers/BSP/STM32H7xx_Nucleo/stm32h7xx_nucleo.o
 .debug_aranges
                0x000002b0      0x200 ./Drivers/STM32H7xx_HAL_Driver/stm32h7xx_hal.o
 .debug_aranges
                0x000004b0      0x130 ./Drivers/STM32H7xx_HAL_Driver/stm32h7xx_hal_cortex.o
 .debug_aranges
                0x000005e0       0x60 ./Drivers/STM32H7xx_HAL_Driver/stm32h7xx_hal_exti.o
 .debug_aranges
                0x00000640       0x58 ./Drivers/STM32H7xx_HAL_Driver/stm32h7xx_hal_gpio.o
 .debug_aranges
                0x00000698      0x170 ./Drivers/STM32H7xx_HAL_Driver/stm32h7xx_hal_pwr_ex.o
 .debug_aranges
                0x00000808       0x88 ./Drivers/STM32H7xx_HAL_Driver/stm32h7xx_hal_rcc.o
 .debug_aranges
                0x00000890      0x100 ./Drivers/STM32H7xx_HAL_Driver/stm32h7xx_hal_rcc_ex.o
 .debug_aranges
                0x00000990      0x3e0 ./Drivers/STM32H7xx_HAL_Driver/stm32h7xx_hal_tim.o
 .debug_aranges
                0x00000d70      0x188 ./Drivers/STM32H7xx_HAL_Driver/stm32h7xx_hal_tim_ex.o
 .debug_aranges
                0x00000ef8      0x248 ./Drivers/STM32H7xx_HAL_Driver/stm32h7xx_hal_uart.o

.debug_rnglists
                0x00000000      0xd8b
 .debug_rnglists
                0x00000000       0x21 ./Common/Src/system_stm32h7xx_dualcore_boot_cm4_cm7.o
 .debug_rnglists
                0x00000021       0x14 ./Core/Src/gpio.o
 .debug_rnglists
                0x00000035       0x27 ./Core/Src/main.o
 .debug_rnglists
                0x0000005c       0x3e ./Core/Src/motor_driver.o
 .debug_rnglists
                0x0000009a       0x13 ./Core/Src/stm32h7xx_hal_msp.o
 .debug_rnglists
                0x000000ad       0x49 ./Core/Src/stm32h7xx_it.o
 .debug_rnglists
                0x000000f6       0x50 ./Core/Src/tim.o
 .debug_rnglists
                0x00000146       0x19 ./Core/Startup/startup_stm32h755zitx.o
 .debug_rnglists
                0x0000015f       0x88 ./Drivers/BSP/STM32H7xx_Nucleo/stm32h7xx_nucleo.o
 .debug_rnglists
                0x000001e7      0x183 ./Drivers/STM32H7xx_HAL_Driver/stm32h7xx_hal.o
 .debug_rnglists
                0x0000036a       0xe2 ./Drivers/STM32H7xx_HAL_Driver/stm32h7xx_hal_cortex.o
 .debug_rnglists
                0x0000044c       0x4a ./Drivers/STM32H7xx_HAL_Driver/stm32h7xx_hal_exti.o
 .debug_rnglists
                0x00000496       0x40 ./Drivers/STM32H7xx_HAL_Driver/stm32h7xx_hal_gpio.o
 .debug_rnglists
                0x000004d6      0x118 ./Drivers/STM32H7xx_HAL_Driver/stm32h7xx_hal_pwr_ex.o
 .debug_rnglists
                0x000005ee       0x68 ./Drivers/STM32H7xx_HAL_Driver/stm32h7xx_hal_rcc.o
 .debug_rnglists
                0x00000656       0xc6 ./Drivers/STM32H7xx_HAL_Driver/stm32h7xx_hal_rcc_ex.o
 .debug_rnglists
                0x0000071c      0x32f ./Drivers/STM32H7xx_HAL_Driver/stm32h7xx_hal_tim.o
 .debug_rnglists
                0x00000a4b      0x144 ./Drivers/STM32H7xx_HAL_Driver/stm32h7xx_hal_tim_ex.o
 .debug_rnglists
                0x00000b8f      0x1fc ./Drivers/STM32H7xx_HAL_Driver/stm32h7xx_hal_uart.o

.debug_macro    0x00000000    0x3b406
 .debug_macro   0x00000000      0x2a8 ./Common/Src/system_stm32h7xx_dualcore_boot_cm4_cm7.o
 .debug_macro   0x000002a8      0xb02 ./Common/Src/system_stm32h7xx_dualcore_boot_cm4_cm7.o
 .debug_macro   0x00000daa       0x2e ./Common/Src/system_stm32h7xx_dualcore_boot_cm4_cm7.o
 .debug_macro   0x00000dd8       0x49 ./Common/Src/system_stm32h7xx_dualcore_boot_cm4_cm7.o
 .debug_macro   0x00000e21       0x22 ./Common/Src/system_stm32h7xx_dualcore_boot_cm4_cm7.o
 .debug_macro   0x00000e43       0x8e ./Common/Src/system_stm32h7xx_dualcore_boot_cm4_cm7.o
 .debug_macro   0x00000ed1       0x51 ./Common/Src/system_stm32h7xx_dualcore_boot_cm4_cm7.o
 .debug_macro   0x00000f22      0x103 ./Common/Src/system_stm32h7xx_dualcore_boot_cm4_cm7.o
 .debug_macro   0x00001025       0x6a ./Common/Src/system_stm32h7xx_dualcore_boot_cm4_cm7.o
 .debug_macro   0x0000108f      0x1df ./Common/Src/system_stm32h7xx_dualcore_boot_cm4_cm7.o
 .debug_macro   0x0000126e       0x1c ./Common/Src/system_stm32h7xx_dualcore_boot_cm4_cm7.o
 .debug_macro   0x0000128a       0x22 ./Common/Src/system_stm32h7xx_dualcore_boot_cm4_cm7.o
 .debug_macro   0x000012ac       0xfb ./Common/Src/system_stm32h7xx_dualcore_boot_cm4_cm7.o
 .debug_macro   0x000013a7     0x1305 ./Common/Src/system_stm32h7xx_dualcore_boot_cm4_cm7.o
 .debug_macro   0x000026ac      0x11f ./Common/Src/system_stm32h7xx_dualcore_boot_cm4_cm7.o
 .debug_macro   0x000027cb       0x27 ./Common/Src/system_stm32h7xx_dualcore_boot_cm4_cm7.o
 .debug_macro   0x000027f2    0x2769e ./Common/Src/system_stm32h7xx_dualcore_boot_cm4_cm7.o
 .debug_macro   0x00029e90       0x6d ./Common/Src/system_stm32h7xx_dualcore_boot_cm4_cm7.o
 .debug_macro   0x00029efd      0x23f ./Common/Src/system_stm32h7xx_dualcore_boot_cm4_cm7.o
 .debug_macro   0x0002a13c     0x3d79 ./Common/Src/system_stm32h7xx_dualcore_boot_cm4_cm7.o
 .debug_macro   0x0002deb5      0x190 ./Common/Src/system_stm32h7xx_dualcore_boot_cm4_cm7.o
 .debug_macro   0x0002e045       0x61 ./Common/Src/system_stm32h7xx_dualcore_boot_cm4_cm7.o
 .debug_macro   0x0002e0a6       0x29 ./Common/Src/system_stm32h7xx_dualcore_boot_cm4_cm7.o
 .debug_macro   0x0002e0cf       0x43 ./Common/Src/system_stm32h7xx_dualcore_boot_cm4_cm7.o
 .debug_macro   0x0002e112       0x34 ./Common/Src/system_stm32h7xx_dualcore_boot_cm4_cm7.o
 .debug_macro   0x0002e146      0x370 ./Common/Src/system_stm32h7xx_dualcore_boot_cm4_cm7.o
 .debug_macro   0x0002e4b6       0x16 ./Common/Src/system_stm32h7xx_dualcore_boot_cm4_cm7.o
 .debug_macro   0x0002e4cc       0x4a ./Common/Src/system_stm32h7xx_dualcore_boot_cm4_cm7.o
 .debug_macro   0x0002e516       0x34 ./Common/Src/system_stm32h7xx_dualcore_boot_cm4_cm7.o
 .debug_macro   0x0002e54a       0x10 ./Common/Src/system_stm32h7xx_dualcore_boot_cm4_cm7.o
 .debug_macro   0x0002e55a       0x58 ./Common/Src/system_stm32h7xx_dualcore_boot_cm4_cm7.o
 .debug_macro   0x0002e5b2       0x8e ./Common/Src/system_stm32h7xx_dualcore_boot_cm4_cm7.o
 .debug_macro   0x0002e640       0x1c ./Common/Src/system_stm32h7xx_dualcore_boot_cm4_cm7.o
 .debug_macro   0x0002e65c      0x185 ./Common/Src/system_stm32h7xx_dualcore_boot_cm4_cm7.o
 .debug_macro   0x0002e7e1      0x19b ./Common/Src/system_stm32h7xx_dualcore_boot_cm4_cm7.o
 .debug_macro   0x0002e97c       0x5d ./Common/Src/system_stm32h7xx_dualcore_boot_cm4_cm7.o
 .debug_macro   0x0002e9d9     0x3b99 ./Common/Src/system_stm32h7xx_dualcore_boot_cm4_cm7.o
 .debug_macro   0x00032572     0x1072 ./Common/Src/system_stm32h7xx_dualcore_boot_cm4_cm7.o
 .debug_macro   0x000335e4      0x154 ./Common/Src/system_stm32h7xx_dualcore_boot_cm4_cm7.o
 .debug_macro   0x00033738      0x130 ./Common/Src/system_stm32h7xx_dualcore_boot_cm4_cm7.o
 .debug_macro   0x00033868      0x3c2 ./Common/Src/system_stm32h7xx_dualcore_boot_cm4_cm7.o
 .debug_macro   0x00033c2a       0xac ./Common/Src/system_stm32h7xx_dualcore_boot_cm4_cm7.o
 .debug_macro   0x00033cd6      0x72d ./Common/Src/system_stm32h7xx_dualcore_boot_cm4_cm7.o
 .debug_macro   0x00034403      0x228 ./Common/Src/system_stm32h7xx_dualcore_boot_cm4_cm7.o
 .debug_macro   0x0003462b       0x66 ./Common/Src/system_stm32h7xx_dualcore_boot_cm4_cm7.o
 .debug_macro   0x00034691      0x3bb ./Common/Src/system_stm32h7xx_dualcore_boot_cm4_cm7.o
 .debug_macro   0x00034a4c      0x407 ./Common/Src/system_stm32h7xx_dualcore_boot_cm4_cm7.o
 .debug_macro   0x00034e53      0x27c ./Common/Src/system_stm32h7xx_dualcore_boot_cm4_cm7.o
 .debug_macro   0x000350cf      0x3ca ./Common/Src/system_stm32h7xx_dualcore_boot_cm4_cm7.o
 .debug_macro   0x00035499      0x4a2 ./Common/Src/system_stm32h7xx_dualcore_boot_cm4_cm7.o
 .debug_macro   0x0003593b       0x51 ./Common/Src/system_stm32h7xx_dualcore_boot_cm4_cm7.o
 .debug_macro   0x0003598c       0x4a ./Common/Src/system_stm32h7xx_dualcore_boot_cm4_cm7.o
 .debug_macro   0x000359d6      0x22c ./Common/Src/system_stm32h7xx_dualcore_boot_cm4_cm7.o
 .debug_macro   0x00035c02       0x67 ./Common/Src/system_stm32h7xx_dualcore_boot_cm4_cm7.o
 .debug_macro   0x00035c69       0xa5 ./Common/Src/system_stm32h7xx_dualcore_boot_cm4_cm7.o
 .debug_macro   0x00035d0e      0x218 ./Common/Src/system_stm32h7xx_dualcore_boot_cm4_cm7.o
 .debug_macro   0x00035f26      0x2ea ./Common/Src/system_stm32h7xx_dualcore_boot_cm4_cm7.o
 .debug_macro   0x00036210       0x35 ./Common/Src/system_stm32h7xx_dualcore_boot_cm4_cm7.o
 .debug_macro   0x00036245      0xafa ./Common/Src/system_stm32h7xx_dualcore_boot_cm4_cm7.o
 .debug_macro   0x00036d3f      0x29f ./Common/Src/system_stm32h7xx_dualcore_boot_cm4_cm7.o
 .debug_macro   0x00036fde      0x693 ./Common/Src/system_stm32h7xx_dualcore_boot_cm4_cm7.o
 .debug_macro   0x00037671       0xa6 ./Common/Src/system_stm32h7xx_dualcore_boot_cm4_cm7.o
 .debug_macro   0x00037717      0x7a4 ./Common/Src/system_stm32h7xx_dualcore_boot_cm4_cm7.o
 .debug_macro   0x00037ebb      0x316 ./Core/Src/gpio.o
 .debug_macro   0x000381d1       0x2e ./Core/Src/gpio.o
 .debug_macro   0x000381ff       0x52 ./Core/Src/gpio.o
 .debug_macro   0x00038251      0x137 ./Core/Src/gpio.o
 .debug_macro   0x00038388       0x1c ./Core/Src/gpio.o
 .debug_macro   0x000383a4       0x3c ./Core/Src/gpio.o
 .debug_macro   0x000383e0       0x10 ./Core/Src/gpio.o
 .debug_macro   0x000383f0       0x1c ./Core/Src/gpio.o
 .debug_macro   0x0003840c       0x16 ./Core/Src/gpio.o
 .debug_macro   0x00038422      0x146 ./Core/Src/gpio.o
 .debug_macro   0x00038568      0x10c ./Core/Src/gpio.o
 .debug_macro   0x00038674      0x32e ./Core/Src/main.o
 .debug_macro   0x000389a2      0x2b2 ./Core/Src/motor_driver.o
 .debug_macro   0x00038c54      0x30c ./Core/Src/stm32h7xx_hal_msp.o
 .debug_macro   0x00038f60      0x316 ./Core/Src/stm32h7xx_it.o
 .debug_macro   0x00039276      0x316 ./Core/Src/tim.o
 .debug_macro   0x0003958c      0x2cf ./Drivers/BSP/STM32H7xx_Nucleo/stm32h7xx_nucleo.o
 .debug_macro   0x0003985b       0x28 ./Drivers/BSP/STM32H7xx_Nucleo/stm32h7xx_nucleo.o
 .debug_macro   0x00039883      0x2d2 ./Drivers/STM32H7xx_HAL_Driver/stm32h7xx_hal.o
 .debug_macro   0x00039b55      0x2a8 ./Drivers/STM32H7xx_HAL_Driver/stm32h7xx_hal_cortex.o
 .debug_macro   0x00039dfd      0x2b6 ./Drivers/STM32H7xx_HAL_Driver/stm32h7xx_hal_exti.o
 .debug_macro   0x0003a0b3      0x2bc ./Drivers/STM32H7xx_HAL_Driver/stm32h7xx_hal_gpio.o
 .debug_macro   0x0003a36f      0x2e1 ./Drivers/STM32H7xx_HAL_Driver/stm32h7xx_hal_pwr_ex.o
 .debug_macro   0x0003a650      0x2cc ./Drivers/STM32H7xx_HAL_Driver/stm32h7xx_hal_rcc.o
 .debug_macro   0x0003a91c      0x2c6 ./Drivers/STM32H7xx_HAL_Driver/stm32h7xx_hal_rcc_ex.o
 .debug_macro   0x0003abe2      0x2a9 ./Drivers/STM32H7xx_HAL_Driver/stm32h7xx_hal_tim.o
 .debug_macro   0x0003ae8b      0x2a8 ./Drivers/STM32H7xx_HAL_Driver/stm32h7xx_hal_tim_ex.o
 .debug_macro   0x0003b133      0x2d3 ./Drivers/STM32H7xx_HAL_Driver/stm32h7xx_hal_uart.o

.debug_line     0x00000000    0x1bb29
 .debug_line    0x00000000      0xad5 ./Common/Src/system_stm32h7xx_dualcore_boot_cm4_cm7.o
 .debug_line    0x00000ad5      0x986 ./Core/Src/gpio.o
 .debug_line    0x0000145b      0xa0b ./Core/Src/main.o
 .debug_line    0x00001e66      0x9bd ./Core/Src/motor_driver.o
 .debug_line    0x00002823      0x910 ./Core/Src/stm32h7xx_hal_msp.o
 .debug_line    0x00003133      0x9d8 ./Core/Src/stm32h7xx_it.o
 .debug_line    0x00003b0b      0xcc1 ./Core/Src/tim.o
 .debug_line    0x000047cc       0x7b ./Core/Startup/startup_stm32h755zitx.o
 .debug_line    0x00004847      0xcbe ./Drivers/BSP/STM32H7xx_Nucleo/stm32h7xx_nucleo.o
 .debug_line    0x00005505     0x1919 ./Drivers/STM32H7xx_HAL_Driver/stm32h7xx_hal.o
 .debug_line    0x00006e1e     0x1115 ./Drivers/STM32H7xx_HAL_Driver/stm32h7xx_hal_cortex.o
 .debug_line    0x00007f33     0x1022 ./Drivers/STM32H7xx_HAL_Driver/stm32h7xx_hal_exti.o
 .debug_line    0x00008f55      0xec3 ./Drivers/STM32H7xx_HAL_Driver/stm32h7xx_hal_gpio.o
 .debug_line    0x00009e18     0x13a0 ./Drivers/STM32H7xx_HAL_Driver/stm32h7xx_hal_pwr_ex.o
 .debug_line    0x0000b1b8     0x18ff ./Drivers/STM32H7xx_HAL_Driver/stm32h7xx_hal_rcc.o
 .debug_line    0x0000cab7     0x21b0 ./Drivers/STM32H7xx_HAL_Driver/stm32h7xx_hal_rcc_ex.o
 .debug_line    0x0000ec67     0x69c5 ./Drivers/STM32H7xx_HAL_Driver/stm32h7xx_hal_tim.o
 .debug_line    0x0001562c     0x2915 ./Drivers/STM32H7xx_HAL_Driver/stm32h7xx_hal_tim_ex.o
 .debug_line    0x00017f41     0x3be8 ./Drivers/STM32H7xx_HAL_Driver/stm32h7xx_hal_uart.o

.debug_str      0x00000000   0x188524
 .debug_str     0x00000000   0x188524 ./Common/Src/system_stm32h7xx_dualcore_boot_cm4_cm7.o
                             0x1816cf (size before relaxing)
 .debug_str     0x00188524   0x182717 ./Core/Src/gpio.o
 .debug_str     0x00188524   0x183149 ./Core/Src/main.o
 .debug_str     0x00188524   0x181287 ./Core/Src/motor_driver.o
 .debug_str     0x00188524   0x18263a ./Core/Src/stm32h7xx_hal_msp.o
 .debug_str     0x00188524   0x1824e3 ./Core/Src/stm32h7xx_it.o
 .debug_str     0x00188524   0x183171 ./Core/Src/tim.o
 .debug_str     0x00188524       0x84 ./Core/Startup/startup_stm32h755zitx.o
 .debug_str     0x00188524   0x182f89 ./Drivers/BSP/STM32H7xx_Nucleo/stm32h7xx_nucleo.o
 .debug_str     0x00188524   0x18274a ./Drivers/STM32H7xx_HAL_Driver/stm32h7xx_hal.o
 .debug_str     0x00188524   0x181fc5 ./Drivers/STM32H7xx_HAL_Driver/stm32h7xx_hal_cortex.o
 .debug_str     0x00188524   0x1814a0 ./Drivers/STM32H7xx_HAL_Driver/stm32h7xx_hal_exti.o
 .debug_str     0x00188524   0x18164e ./Drivers/STM32H7xx_HAL_Driver/stm32h7xx_hal_gpio.o
 .debug_str     0x00188524   0x181b47 ./Drivers/STM32H7xx_HAL_Driver/stm32h7xx_hal_pwr_ex.o
 .debug_str     0x00188524   0x1819bd ./Drivers/STM32H7xx_HAL_Driver/stm32h7xx_hal_rcc.o
 .debug_str     0x00188524   0x181ef2 ./Drivers/STM32H7xx_HAL_Driver/stm32h7xx_hal_rcc_ex.o
 .debug_str     0x00188524   0x18275b ./Drivers/STM32H7xx_HAL_Driver/stm32h7xx_hal_tim.o
 .debug_str     0x00188524   0x182083 ./Drivers/STM32H7xx_HAL_Driver/stm32h7xx_hal_tim_ex.o
 .debug_str     0x00188524   0x1824eb ./Drivers/STM32H7xx_HAL_Driver/stm32h7xx_hal_uart.o

.comment        0x00000000       0x43
 .comment       0x00000000       0x43 ./Common/Src/system_stm32h7xx_dualcore_boot_cm4_cm7.o
                                 0x44 (size before relaxing)
 .comment       0x00000043       0x44 ./Core/Src/gpio.o
 .comment       0x00000043       0x44 ./Core/Src/main.o
 .comment       0x00000043       0x44 ./Core/Src/motor_driver.o
 .comment       0x00000043       0x44 ./Core/Src/stm32h7xx_hal_msp.o
 .comment       0x00000043       0x44 ./Core/Src/stm32h7xx_it.o
 .comment       0x00000043       0x44 ./Core/Src/tim.o
 .comment       0x00000043       0x44 ./Drivers/BSP/STM32H7xx_Nucleo/stm32h7xx_nucleo.o
 .comment       0x00000043       0x44 ./Drivers/STM32H7xx_HAL_Driver/stm32h7xx_hal.o
 .comment       0x00000043       0x44 ./Drivers/STM32H7xx_HAL_Driver/stm32h7xx_hal_cortex.o
 .comment       0x00000043       0x44 ./Drivers/STM32H7xx_HAL_Driver/stm32h7xx_hal_exti.o
 .comment       0x00000043       0x44 ./Drivers/STM32H7xx_HAL_Driver/stm32h7xx_hal_gpio.o
 .comment       0x00000043       0x44 ./Drivers/STM32H7xx_HAL_Driver/stm32h7xx_hal_pwr_ex.o
 .comment       0x00000043       0x44 ./Drivers/STM32H7xx_HAL_Driver/stm32h7xx_hal_rcc.o
 .comment       0x00000043       0x44 ./Drivers/STM32H7xx_HAL_Driver/stm32h7xx_hal_rcc_ex.o
 .comment       0x00000043       0x44 ./Drivers/STM32H7xx_HAL_Driver/stm32h7xx_hal_tim.o
 .comment       0x00000043       0x44 ./Drivers/STM32H7xx_HAL_Driver/stm32h7xx_hal_tim_ex.o
 .comment       0x00000043       0x44 ./Drivers/STM32H7xx_HAL_Driver/stm32h7xx_hal_uart.o

.debug_frame    0x00000000     0x47f8
 .debug_frame   0x00000000       0x78 ./Common/Src/system_stm32h7xx_dualcore_boot_cm4_cm7.o
 .debug_frame   0x00000078       0x34 ./Core/Src/gpio.o
 .debug_frame   0x000000ac       0x94 ./Core/Src/main.o
 .debug_frame   0x00000140      0x138 ./Core/Src/motor_driver.o
 .debug_frame   0x00000278       0x38 ./Core/Src/stm32h7xx_hal_msp.o
 .debug_frame   0x000002b0      0x120 ./Core/Src/stm32h7xx_it.o
 .debug_frame   0x000003d0      0x180 ./Core/Src/tim.o
 .debug_frame   0x00000550      0x2dc ./Drivers/BSP/STM32H7xx_Nucleo/stm32h7xx_nucleo.o
 .debug_frame   0x0000082c      0x814 ./Drivers/STM32H7xx_HAL_Driver/stm32h7xx_hal.o
 .debug_frame   0x00001040      0x4fc ./Drivers/STM32H7xx_HAL_Driver/stm32h7xx_hal_cortex.o
 .debug_frame   0x0000153c      0x164 ./Drivers/STM32H7xx_HAL_Driver/stm32h7xx_hal_exti.o
 .debug_frame   0x000016a0      0x13c ./Drivers/STM32H7xx_HAL_Driver/stm32h7xx_hal_gpio.o
 .debug_frame   0x000017dc      0x5c0 ./Drivers/STM32H7xx_HAL_Driver/stm32h7xx_hal_pwr_ex.o
 .debug_frame   0x00001d9c      0x1f8 ./Drivers/STM32H7xx_HAL_Driver/stm32h7xx_hal_rcc.o
 .debug_frame   0x00001f94      0x430 ./Drivers/STM32H7xx_HAL_Driver/stm32h7xx_hal_rcc_ex.o
 .debug_frame   0x000023c4     0x1230 ./Drivers/STM32H7xx_HAL_Driver/stm32h7xx_hal_tim.o
 .debug_frame   0x000035f4      0x6cc ./Drivers/STM32H7xx_HAL_Driver/stm32h7xx_hal_tim_ex.o
 .debug_frame   0x00003cc0      0xa8c ./Drivers/STM32H7xx_HAL_Driver/stm32h7xx_hal_uart.o
 .debug_frame   0x0000474c       0x20 /Applications/STM32CubeIDE.app/Contents/Eclipse/plugins/com.st.stm32cube.ide.mcu.externaltools.gnu-tools-for-stm32.13.3.rel1.macos64_1.0.0.202411102158/tools/bin/../lib/gcc/arm-none-eabi/13.3.1/../../../../arm-none-eabi/lib/thumb/v7e-m+dp/hard/libc_nano.a(libc_a-memset.o)
 .debug_frame   0x0000476c       0x2c /Applications/STM32CubeIDE.app/Contents/Eclipse/plugins/com.st.stm32cube.ide.mcu.externaltools.gnu-tools-for-stm32.13.3.rel1.macos64_1.0.0.202411102158/tools/bin/../lib/gcc/arm-none-eabi/13.3.1/../../../../arm-none-eabi/lib/thumb/v7e-m+dp/hard/libc_nano.a(libc_a-init.o)
 .debug_frame   0x00004798       0x2c /Applications/STM32CubeIDE.app/Contents/Eclipse/plugins/com.st.stm32cube.ide.mcu.externaltools.gnu-tools-for-stm32.13.3.rel1.macos64_1.0.0.202411102158/tools/bin/../lib/gcc/arm-none-eabi/13.3.1/thumb/v7e-m+dp/hard/libgcc.a(_aeabi_uldivmod.o)
 .debug_frame   0x000047c4       0x34 /Applications/STM32CubeIDE.app/Contents/Eclipse/plugins/com.st.stm32cube.ide.mcu.externaltools.gnu-tools-for-stm32.13.3.rel1.macos64_1.0.0.202411102158/tools/bin/../lib/gcc/arm-none-eabi/13.3.1/thumb/v7e-m+dp/hard/libgcc.a(_udivmoddi4.o)

.debug_line_str
                0x00000000       0x68
 .debug_line_str
                0x00000000       0x68 ./Core/Startup/startup_stm32h755zitx.o
